<?xml version="1.0" encoding="utf-8"?><testsuites><testsuite name="pytest" errors="0" failures="0" skipped="0" tests="4" time="3.707" timestamp="2024-04-03T16:01:11.734231" hostname="DESKTOP-HPM3AHR"><testcase classname="challenge_MLE.tests.model.test_model.TestModel" name="test_model_fit" time="0.515" /><testcase classname="challenge_MLE.tests.model.test_model.TestModel" name="test_model_predict" time="0.389" /><testcase classname="challenge_MLE.tests.model.test_model.TestModel" name="test_model_preprocess_for_serving" time="0.157" /><testcase classname="challenge_MLE.tests.model.test_model.TestModel" name="test_model_preprocess_for_training" time="0.248" /></testsuite></testsuites>